// Jest Snapshot v1, https://goo.gl/fbAQLP

exports[`shhould render ExpenseListItem with expenses 1`] = `
<div>
  <Link
    replace={false}
    to="/edit/1"
  >
    <h2>
      Gum
    </h2>
  </Link>
  <p>
    195
     - 
    0
  </p>
</div>
`;
